   Compiling cathedral-sim v0.1.0 (/home/ran/src/rust/cathedralbevy/crates/cathedral-sim)
    Finished `test` profile [optimized + debuginfo] target(s) in 14.88s
     Running unittests src/lib.rs (target/debug/deps/cathedral_sim-017f852d3c359e76)

running 17 tests
test checkpoint::tests::accepted_time_preserves_debt_and_both_residuals_without_offline_work ... ok
test checkpoint::tests::admission_tracks_all_cohorts_and_attached_values_across_threads ... ok
test checkpoint::tests::exhausted_command_counters_remain_exhausted_after_component_roundtrip ... ok
test checkpoint::tests::manifest_requires_exact_content_geometry_behavior_generator_and_hash_build ... ok
test checkpoint::tests::only_explicit_negative_infinity_becomes_never_and_negative_calendar_is_valid ... ok
test checkpoint::tests::regenerate_checkpoint_component_fixtures ... ignored, explicit supported-component fixture regeneration only
test checkpoint::tests::receipt_principals_preserve_historical_and_rejected_absent_targets ... ok
test checkpoint::tests::operation_owner_roundtrip_rebuilds_claims_and_preserves_exact_once_completion ... ok
test checkpoint::tests::operation_credit_cannot_exceed_elapsed_work_and_keeps_obstruction_gaps ... ok
test checkpoint::tests::supported_component_fixtures_pin_owner_wire_without_claiming_a_complete_save ... ok
test checkpoint::tests::ledger_rejects_duplicate_ids_ordinals_roots_and_invalid_numeric_or_string_fields ... ok
test checkpoint::tests::operation_wire_rejects_duplicates_impossible_claims_deadlines_and_manifest_mismatch ... ok
test checkpoint::tests::clock_rate_segment_and_calendar_bits_roundtrip_without_reconstruction ... ok
test checkpoint::tests::malformed_decode_and_failed_export_release_admission_without_allocating_owner ... ok
test checkpoint::tests::maximum_operation_owner_and_empty_owner_fit_and_roundtrip ... ok
test checkpoint::tests::wire_rejects_extra_records_huge_escaped_strings_and_deep_json_before_owner_use ... ok
test checkpoint::tests::ledger_empty_and_saturated_replay_keep_holes_floors_and_unfinished_roots ... ok

test result: ok. 16 passed; 0 failed; 1 ignored; 0 measured; 605 filtered out; finished in 0.06s
