   Compiling proc-macro2 v1.0.106
   Compiling unicode-ident v1.0.24
   Compiling quote v1.0.46
   Compiling libc v0.2.186
   Compiling cfg-if v1.0.4
   Compiling stable_deref_trait v1.2.1
   Compiling bytes v1.12.0
   Compiling itoa v1.0.18
   Compiling pin-project-lite v0.2.17
   Compiling futures-core v0.3.32
   Compiling typenum v1.20.1
   Compiling find-msvc-tools v0.1.9
   Compiling shlex v2.0.1
   Compiling once_cell v1.21.4
   Compiling serde_core v1.0.228
   Compiling zeroize v1.9.0
   Compiling futures-sink v0.3.32
   Compiling slab v0.4.12
   Compiling litemap v0.8.2
   Compiling writeable v0.6.3
   Compiling smallvec v1.15.2
   Compiling untrusted v0.9.0
   Compiling icu_normalizer_data v2.2.0
   Compiling version_check v0.9.5
   Compiling rustls-pki-types v1.15.0
   Compiling httparse v1.10.1
   Compiling cc v1.2.66
   Compiling utf8_iter v1.0.4
   Compiling icu_properties_data v2.2.0
   Compiling rustls v0.23.41
   Compiling percent-encoding v2.3.2
   Compiling futures-task v0.3.32
   Compiling tracing-core v0.1.36
   Compiling serde v1.0.228
   Compiling equivalent v1.0.2
   Compiling subtle v2.6.1
   Compiling hashbrown v0.17.1
   Compiling try-lock v0.2.5
   Compiling generic-array v0.14.7
   Compiling futures-util v0.3.32
   Compiling fnv v1.0.7
   Compiling atomic-waker v1.1.2
   Compiling zmij v1.0.21
   Compiling cpufeatures v0.3.0
   Compiling tower-service v0.3.3
   Compiling rand_core v0.10.1
   Compiling getrandom v0.4.3
   Compiling want v0.3.1
   Compiling form_urlencoded v1.2.2
   Compiling futures-channel v0.3.32
   Compiling const-oid v0.10.2
   Compiling utf8parse v0.2.2
   Compiling serde_json v1.0.150
   Compiling http v1.4.2
   Compiling tracing v0.1.44
   Compiling webpki-roots v1.0.8
   Compiling unicase v2.9.0
   Compiling thiserror v2.0.18
   Compiling anstyle-parse v1.0.0
   Compiling chacha20 v0.10.1
   Compiling sync_wrapper v1.0.2
   Compiling mime_guess v2.0.5
   Compiling is_terminal_polyfill v1.70.2
   Compiling anstyle-query v1.1.5
   Compiling crossbeam-utils v0.8.22
   Compiling winnow v1.0.3
   Compiling log v0.4.33
   Compiling colorchoice v1.0.5
   Compiling ipnet v2.12.0
   Compiling base64 v0.22.1
   Compiling anstyle v1.0.14
   Compiling tower-layer v0.3.3
   Compiling memchr v2.8.3
   Compiling cpufeatures v0.2.17
   Compiling toml_writer v1.1.1+spec-1.1.0
   Compiling indexmap v2.14.0
   Compiling hybrid-array v0.4.13
   Compiling anstream v1.0.0
   Compiling bitflags v2.13.0
   Compiling data-encoding v2.11.0
   Compiling syn v2.0.118
   Compiling clap_lex v1.1.0
   Compiling toml_parser v1.1.2+spec-1.1.0
   Compiling mime v0.3.17
   Compiling strsim v0.11.1
   Compiling errno v0.3.14
   Compiling socket2 v0.6.4
   Compiling mio v1.2.1
   Compiling getrandom v0.2.17
   Compiling signal-hook-registry v1.4.8
   Compiling http-body v1.0.1
   Compiling block-buffer v0.10.4
   Compiling ring v0.17.14
   Compiling crypto-common v0.1.7
   Compiling block-buffer v0.12.1
   Compiling crypto-common v0.2.2
   Compiling digest v0.10.7
   Compiling heck v0.5.0
   Compiling memo-map v0.3.3
   Compiling ryu v1.0.23
   Compiling rand v0.10.2
   Compiling winnow v0.7.15
   Compiling sha2 v0.10.9
   Compiling http-body-util v0.1.3
   Compiling clap_builder v4.6.0
   Compiling webpki-roots v0.26.11
   Compiling encoding_rs v0.8.35
   Compiling glam v0.32.1
   Compiling dotenvy v0.15.7
   Compiling hound v3.5.1
   Compiling digest v0.11.3
   Compiling sha1 v0.11.0
   Compiling toml_datetime v0.7.5+spec-1.1.0
   Compiling serde_spanned v1.1.1
   Compiling crossbeam-channel v0.5.16
   Compiling toml v0.9.12+spec-1.1.0
   Compiling synstructure v0.13.2
   Compiling zerovec-derive v0.11.3
   Compiling displaydoc v0.2.6
   Compiling tokio-macros v2.7.0
   Compiling serde_derive v1.0.228
   Compiling thiserror-impl v2.0.18
   Compiling clap_derive v4.6.1
   Compiling zerofrom-derive v0.1.7
   Compiling yoke-derive v0.8.2
   Compiling tokio v1.52.3
   Compiling zerofrom v0.1.8
   Compiling yoke v0.8.3
   Compiling zerovec v0.11.6
   Compiling zerotrie v0.2.4
   Compiling clap v4.6.1
   Compiling tinystr v0.8.3
   Compiling potential_utf v0.1.5
   Compiling icu_collections v2.2.0
   Compiling icu_locale_core v2.2.0
   Compiling serde_urlencoded v0.7.1
   Compiling minijinja v2.21.0
   Compiling icu_provider v2.2.0
   Compiling icu_normalizer v2.2.0
   Compiling icu_properties v2.2.0
   Compiling idna_adapter v1.2.2
   Compiling idna v1.1.0
   Compiling url v2.5.8
   Compiling tokio-util v0.7.18
   Compiling tower v0.5.3
   Compiling tower-http v0.6.11
   Compiling h2 v0.4.15
   Compiling cathedral-sim v0.1.0 (/home/ran/src/rust/cathedralbevy/crates/cathedral-sim)
   Compiling rustls-webpki v0.103.13
   Compiling hyper v1.10.1
   Compiling hyper-util v0.1.20
   Compiling tokio-rustls v0.26.4
   Compiling tungstenite v0.30.0
   Compiling hyper-rustls v0.27.9
   Compiling reqwest v0.12.28
   Compiling tokio-tungstenite v0.30.0
   Compiling cathedral-backends v0.1.0 (/home/ran/src/rust/cathedralbevy/crates/cathedral-backends)
    Finished `release` profile [optimized] target(s) in 37.55s
