warning: variants `Weather`, `Hud`, and `Interaction` are never constructed
  --> src/perf.rs:53:5
   |
44 | pub enum Probe {
   |          ----- variants in this enum
...
53 |     Weather,
   |     ^^^^^^^
54 |     Soundscape,
55 |     Hud,
   |     ^^^
...
58 |     Interaction,
   |     ^^^^^^^^^^^
   |
   = note: `Probe` has derived impls for the traits `Debug` and `Clone`, but these are intentionally ignored during dead code analysis
   = note: `#[warn(dead_code)]` (part of `#[warn(unused)]`) on by default

warning: `cathedralbevy` (bin "cathedralbevy" test) generated 1 warning
    Finished `test` profile [optimized + debuginfo] target(s) in 1.84s
     Running unittests src/main.rs (target/debug/deps/cathedralbevy-7e64976a2f12ec18)

running 2 tests
test smart_actors::local_engine::startup_tests::committed_startup_reuses_navigation_and_backend_recipe_through_hello ... Could not read /nonexistent/alibi-startup-config: No such file or directory (os error 2).
ok
test smart_actors::local_engine::startup_tests::installed_engine_build_uses_captured_sources_after_original_files_disappear ... Could not read /nonexistent/cathedral-source-routing-config: No such file or directory (os error 2).
ok

test result: ok. 2 passed; 0 failed; 0 ignored; 0 measured; 652 filtered out; finished in 1.48s

