   Compiling cathedral-sim v0.1.0 (/home/ran/src/rust/cathedralbevy/crates/cathedral-sim)
    Finished `test` profile [optimized + debuginfo] target(s) in 18.48s
     Running unittests src/lib.rs (target/debug/deps/cathedral_sim-d95704882fac3a6b)

running 586 tests
test actions::tests::a_bad_self_or_distant_target_never_broadcasts ... ok
test actions::tests::a_broadcast_offer_never_lapses_on_distance ... ok
test actions::tests::a_heard_self_introduction_teaches_the_human_observer_the_speakers_name ... ok
test actions::tests::a_name_substring_is_not_mistaken_for_an_introduction ... ok
test actions::tests::a_frozen_position_moves_the_utterance_but_not_the_speaker ... ok
test actions::tests::a_mouthful_of_ale_reads_as_drinking_and_swallowing_it_feeds_the_drinker ... ok
test actions::tests::a_displaced_player_gets_structured_feedback_but_no_prose ... ok
test actions::tests::a_lapse_gives_the_player_structured_feedback_but_no_prose ... ok
test actions::tests::a_cheek_takes_two_units_and_the_third_does_not_fit ... ok
test actions::tests::a_gesture_target_must_exist_be_in_range_and_not_be_the_actor ... ok
test actions::tests::a_full_mouth_marks_the_listeners_line_and_never_the_words ... ok
test actions::tests::a_lapse_frees_the_offered_units_the_giver_could_not_spend ... ok
test actions::tests::a_departed_party_to_an_offer_is_left_to_the_gates_own_expiry ... ok
test actions::tests::a_private_moment_raises_no_notice ... ok
test actions::tests::a_pocketed_chalk_pen_is_not_a_pen_in_hand_until_retrieved ... ok
test actions::tests::a_stale_offer_is_repaired_and_bumps_the_revision_before_failing ... ok
test actions::tests::a_cheeked_spark_forks_the_stack_wet_and_cannot_be_spent_until_retrieved ... ok
test actions::tests::a_targeted_wave_reaches_the_target_the_bystander_and_the_actors_own_history ... ok
test actions::tests::accept_revalidates_distance_and_the_offer_survives ... ok
test actions::tests::an_offer_lapses_once_the_two_have_drifted_out_of_earshot ... ok
test actions::tests::an_offer_survives_right_up_to_the_lapse_radius ... ok
test actions::tests::dance_sets_active_gesture_and_the_next_non_wait_action_ends_it ... ok
test actions::tests::a_pocketing_is_plain_at_arms_length_and_a_mere_motion_across_the_square ... ok
test actions::tests::an_unknown_gesture_kind_is_a_standard_action_error ... ok
test actions::tests::an_untargeted_wave_reads_as_a_wave_to_everyone_nearby ... ok
test actions::tests::drinking_refills_thirst_and_is_narrated_as_drinking ... ok
test actions::tests::a_stool_stains_its_company_and_expelling_it_before_an_officer_raises_the_ward ... ok
test actions::tests::eating_an_offered_item_fails_without_displacing_the_promise ... ok
test actions::tests::eating_uses_only_the_uncommitted_part_of_a_partially_offered_stack ... ok
test actions::tests::go_to_without_a_graph_is_no_route_and_stop_is_always_safe ... ok
test actions::tests::forget_falls_back_to_a_substring_match_and_echoes_the_stored_text ... ok
test actions::tests::goal_none_sentinel_drops_the_goal ... ok
test actions::tests::ids_in_error_messages_are_python_reprs ... ok
test actions::tests::make_sound_hides_non_emittable_rows_behind_the_unknown_sound_error ... ok
test actions::tests::meals_coalesce_in_the_gut_and_a_swallowed_key_queues_its_own_return ... ok
test actions::tests::raise_notice_validates_its_people ... ok
test actions::tests::reoffering_displaces_the_old_target_with_a_retract_event_before_the_new_offer ... ok
test actions::tests::required_target_gestures_demand_a_target_and_no_target_gestures_reject_one ... ok
test actions::tests::point_accepts_a_known_place_handle_and_names_it ... ok
test actions::tests::targeted_speech_reaches_the_target_and_nearby_bystanders_in_distance_order ... ok
test actions::tests::spitting_hands_a_solid_to_the_target_and_a_drink_is_gone ... ok
test appearance::tests::bespoke_rides_on_top_of_a_composed_body ... ok
test actions::tests::the_pocket_verbs_refuse_what_a_body_cannot_do_and_change_nothing ... ok
test actions::tests::spitting_at_someone_before_an_officer_puts_it_on_the_wards_tongues ... ok
test appearance::tests::poverty_pulls_trades_down_but_never_strips_a_uniform ... ok
test appearance::tests::composition_is_deterministic_per_id_and_facts ... ok
test appearance::tests::sheet_facts_map_to_the_expected_classes ... ok
test actions::tests::gargling_keeps_the_mouthful_and_refuses_anything_solid ... ok
test actions::tests::the_law_does_not_raise_the_ward_against_its_own_spitting ... ok
test actions::tests::wait_is_a_no_op_and_unknown_verbs_are_reported_last ... ok
test actions::tests::the_interaction_boundary_is_inclusive_at_four_metres ... ok
test areas::tests::compass_language_changes_with_the_coordinate_metadata ... ok
test areas::tests::a_multi_box_area_uses_union_containment_and_its_closest_box ... ok
test areas::tests::all_sixteen_compass_sectors_follow_declared_world_axes ... ok
test actions::tests::the_snapshot_is_public_and_renders_strangers_by_id ... ok
test areas::tests::directly_above_a_box_has_zero_horizontal_distance_and_no_bearing ... ok
test actions::tests::say_validation_is_strict ... ok
test areas::tests::duplicate_ids_empty_fields_bad_bounds_and_bad_coordinates_are_rejected ... ok
test areas::tests::equal_area_distance_ties_break_by_stable_id_not_file_order ... ok
test actions::tests::text_is_stripped_with_pythons_whitespace_set ... ok
test areas::tests::nearest_area_lists_limit_range_and_tie_break_by_stable_id ... ok
test areas::tests::nearest_distance_uses_box_surface_rounds_half_up_and_singularizes_one ... ok
test areas::tests::overlap_is_rejected_with_both_box_names_even_within_one_area ... ok
test areas::tests::shared_boundaries_have_one_deterministic_owner ... ok
test areas::tests::shipped_json_loads_and_preserves_precinct_boundaries ... ok
test attention::tests::a_moving_neighbour_is_not_news_but_a_stopped_one_is ... ok
test attention::tests::a_garbage_radius_empties_the_stage_instead_of_panicking ... ok
test attention::tests::a_new_meeting_is_a_new_roll ... ok
test attention::tests::a_non_llm_partner_is_not_smuggled_onto_the_stage ... ok
test attention::tests::an_actor_the_player_left_forgets_they_ever_met ... ok
test attention::tests::an_aloof_npc_never_opens_but_always_answers ... ok
test attention::tests::a_quiet_neighbour_is_never_forgotten ... ok
test attention::tests::an_empty_field_costs_nothing ... ok
test attention::tests::an_authored_curiosity_beats_the_derivation ... ok
test attention::tests::curiosity_is_derived_from_the_person ... ok
test attention::tests::an_offer_is_news_and_an_unknown_actor_never_is ... ok
test attention::tests::an_inbox_is_news_all_by_itself ... ok
test attention::tests::only_an_explicit_all_turns_the_gate_off ... ok
test attention::tests::nobody_without_a_lore_sheet_is_aloof ... ok
test attention::tests::only_semantic_weather_and_actor_shelter_are_news ... ok
test attention::tests::shuffling_on_the_spot_is_not_news ... ok
test attention::tests::somebody_arriving_or_leaving_is_news ... ok
test attention::tests::the_cap_keeps_the_nearest_and_drops_the_rest ... ok
test attention::tests::the_gate_admits_by_variant ... ok
test attention::tests::the_conversation_partner_keeps_a_seat_outside_the_radius ... ok
test attention::tests::silence_stays_silent ... ok
test attention::tests::the_scale_moves_the_whole_city_and_survives_garbage ... ok
test character::tests::consecutive_duplicate_percepts_coalesce_with_a_count ... ok
test attention::tests::the_stage_is_the_neighborhood_and_never_the_player ... ok
test character::tests::graduated_percepts_coalesce_but_the_inbox_delta_does_not ... ok
test character::tests::players_accumulate_no_prose ... ok
test character::tests::recent_history_is_bounded_and_drops_the_oldest ... ok
test character::tests::split_repeat_count_only_matches_the_counted_suffix ... ok
test character::tests::status_kind_serializes_snake_case_and_round_trips ... ok
test character::tests::statuses_are_exposed_bounded_and_ordered ... ok
test character::tests::the_never_prompted_inbox_is_bounded_and_keeps_the_newest ... ok
test clock::tests::a_crossing_instant_lands_on_the_office_it_names ... ok
test clock::tests::a_full_day_crosses_seven_offices_in_order ... ok
test clock::tests::a_non_finite_night_floor_is_rejected_not_propagated ... ok
test clock::tests::a_real_time_clock_advances_one_hour_per_hour ... ok
test clock::tests::a_run_opens_on_its_start_office ... ok
test attention::tests::the_same_news_never_changes_its_mind ... ok
test clock::tests::an_empty_or_backward_span_rings_nothing ... ok
test clock::tests::an_office_lasts_until_the_next_bell_and_the_snuffing_wraps_midnight ... ok
test clock::tests::changing_scale_never_makes_time_jump ... ok
test clock::tests::brightness_is_dark_at_night_and_full_at_noon ... ok
test clock::tests::market_days_land_on_the_third_and_sixth ... ok
test clock::tests::no_office_is_skipped_across_a_multi_day_jump ... ok
test clock::tests::office_boundaries_are_inclusive_at_the_ring ... ok
test clock::tests::ordinals_run_one_to_seven ... ok
test clock::tests::office_names_parse_from_config ... ok
test clock::tests::the_day_rolls_over_and_the_weekday_advances ... ok
test clock::tests::reading_the_clock_earlier_walks_back_through_midnight_and_the_week ... ok
test clock::tests::the_debug_key_cycles_one_ten_sixty ... ok
test clock::tests::the_snuffing_rings_seven_strokes_three_seconds_apart ... ok
test attention::tests::the_roll_is_uniform_across_the_cast ... ok
test custody::tests::a_departed_escort_frees_the_person_they_were_walking ... ok
test custody::tests::a_hold_is_refcounted_so_one_officer_letting_go_frees_nobody ... ok
test custody::tests::the_confinement_cap_counts_arrests_and_never_the_authored_inmates ... ok
test dogs::tests::a_stop_is_published_once_and_the_rest_is_quiet ... ok
test dogs::tests::the_pack_ids_are_unique_and_descriptions_read_as_noun_phrases ... ok
test dogs::tests::hashed_rolls_are_deterministic_and_in_range ... ok
test engine::tests::capabilities_derive_the_summary_flags ... ok
test engine::tests::message_truncation_counts_characters_not_bytes ... ok
test engine::tests::sale_is_not_a_handoff_kind ... ok
test dogs::tests::a_drift_never_strides_through_stone ... ok
test fake::tests::anyone_asked_to_dance_starts_the_dance_loop ... ok
test fake::tests::anyone_asked_to_wave_greets_and_waves_at_the_player ... ok
test fake::tests::ilse_introduces_herself_when_asked_her_name ... ok
test fake::tests::ilse_offers_the_coin_when_asked_to ... ok
test fake::tests::requests_stage_one_completion_each_and_record_the_prompt ... ok
test fake::tests::the_you_line_parses_with_and_without_lore ... ok
test fake::tests::everyone_else_and_every_malformed_sheet_takes_a_no_op_turn ... ok
test floor::tests::the_formulas_count_unicode_scalars_not_bytes ... ok
test floor::tests::the_reading_estimate_is_clamped_and_the_failsafe_capped ... ok
test gesture::tests::serde_uses_the_snake_case_verb ... ok
test gesture::tests::every_kind_round_trips_through_its_verb_and_the_catalog_is_complete ... ok
test ids::tests::ids_reject_empty_control_chars_and_overlong ... ok
test item::tests::drinks_declare_a_thirst_refill ... ok
test item::tests::display_names_derive_from_kind_and_metadata ... ok
test item::tests::prices_and_edibility_come_from_the_catalog ... ok
test item::tests::metadata_validation_rejects_undeclared_keys_and_values ... ok
test knowledge::catalog::tests::a_quest_pack_merges_and_refuses_a_duplicate_id ... ok
test item::tests::the_embedded_catalog_loads_and_has_the_core_kinds ... ok
test knowledge::catalog::tests::every_loader_rejection_names_its_consequence ... ok
test knowledge::catalog::tests::seeding_an_installed_row_again_is_skipped_without_a_handle ... ok
test knowledge::catalog::tests::the_embedded_catalog_parses_and_validates ... ok
test knowledge::catalog::tests::seed_skips_a_row_whose_cast_this_world_lacks ... ok
test homes::tests::the_merged_descriptions_speak_for_housed_and_bedless_alike ... ok
test knowledge::garble::tests::a_witness_is_never_garbled ... ok
test knowledge::garble::tests::a_view_survives_movement_presence_and_knowledge_changes ... ok
test knowledge::garble::tests::the_wrong_chance_matches_the_derivation ... ok
test knowledge::garble::tests::the_garble_mask_seals_a_field ... ok
test knowledge::garble::tests::the_subject_pool_is_bounded_and_lore_only ... ok
test knowledge::mint::tests::every_mint_template_names_what_it_garbles ... ok
test homes::tests::the_ward_marks_cover_the_baked_homes_and_come_out_in_one_order ... ok
test knowledge::mint::tests::the_whitelist_is_stated_once ... ok
test knowledge::pollen::tests::a_garbage_chance_is_silence_not_a_coin_flip ... ok
test knowledge::pollen::tests::a_row_starts_on_the_current_coin ... ok
test knowledge::pollen::tests::an_empty_ward_map_answers_nothing_rather_than_a_wrong_ward ... ok
test knowledge::pollen::tests::the_air_heat_floor_is_strictly_positive ... ok
test knowledge::pollen::tests::a_sweep_across_three_edges_mints_three_coins ... ok
test knowledge::pollen::tests::the_hop_loss_is_bracketed ... ok
[pollen] worst per-roll chance in the table: 0.549
test knowledge::pollen::tests::the_pickup_roll_is_stable_within_a_stir_and_moves_across_one ... ok
test knowledge::pollen::tests::the_pickup_chance_never_clamps ... ok
test knowledge::pollen::tests::the_poll_gap_cannot_skip_a_stir ... ok
test knowledge::pollen::tests::the_player_rolls_at_their_own_curiosity ... ok
test knowledge::pollen::tests::the_subject_never_rolls_under_either_lever ... ok
test knowledge::garble::tests::a_garbled_place_is_always_an_adjacent_area ... ok
test knowledge::pollen::tests::the_sweep_quantises_before_deciding_anything_changed ... ok
test knowledge::garble::tests::an_empty_pool_leaves_the_subject_standing ... ok
test knowledge::garble::tests::the_same_view_never_changes_its_mind ... ok
test knowledge::salience::tests::a_cold_scandal_out_travels_a_fresh_squabble ... ok
test knowledge::garble::tests::a_garbled_subject_is_always_somebody_the_city_has ... ok
test knowledge::salience::tests::a_cooper_hears_a_spoiled_batch_and_nobody_else_does ... ok
test knowledge::salience::tests::a_flat_table_is_a_multiplication_by_one ... ok
test knowledge::salience::tests::a_nan_in_the_table_sanitises_rather_than_propagates ... ok
test knowledge::salience::tests::flat_moves_numbers_and_never_prose ... ok
test knowledge::salience::tests::the_embedded_table_authors_all_nine_bands ... ok
test knowledge::salience::tests::the_household_hears_it_quietest ... ok
test knowledge::salience::tests::every_salience_rejection_names_its_consequence ... ok
test knowledge::salience::tests::the_no_trade_quarter_hears_everything ... ok
test knowledge::salience::tests::the_player_is_not_the_no_trade_quarter ... ok
test knowledge::tests::a_cold_arrival_at_a_full_store_is_its_own_victim ... ok
test knowledge::salience::tests::the_subject_never_carries_under_either_lever ... ok
test knowledge::tests::a_deposit_does_not_bump_the_stir ... ok
test knowledge::tests::a_holding_stores_no_sentence ... ok
test knowledge::tests::a_fact_about_you_is_never_rendered_to_you_as_news ... ok
test knowledge::tests::a_reader_who_knows_the_subject_reads_the_name ... ok
test knowledge::tests::a_subject_with_an_own_line_reads_their_own_words ... ok
test knowledge::tests::a_subject_with_no_trade_falls_back_to_the_nameless_form ... ok
test knowledge::tests::a_vowel_trade_takes_an_article_that_reads ... ok
test knowledge::tests::a_view_that_lands_on_the_reader_is_not_told_back_to_them ... ok
test knowledge::tests::a_witness_cannot_be_talked_out_of_what_they_saw ... ok
test knowledge::tests::an_ear_naming_an_unknown_occupation_is_one_startup_diagnostic ... ok
test knowledge::tests::an_absurd_authored_day_renders_a_phrase_and_never_panics ... ok
test knowledge::tests::fact_view_stores_no_sentence ... ok
test knowledge::tests::heat_is_derived_and_a_clockless_world_does_not_age ... ok
test knowledge::tests::heat_pct_quantises_before_any_change_test ... ok
test knowledge::tests::an_unresolvable_place_renders_the_unknown_form ... ok
test knowledge::tests::holds_answers_seeded_before_the_store_and_is_pure ... ok
test knowledge::tests::invalidate_stale_drops_a_fact_the_world_stopped_bearing_out ... ok
test knowledge::tests::invalidating_a_fact_clears_it_from_every_ward ... ok
test knowledge::tests::own_beats_cold_and_cold_beats_every_hop ... ok
test knowledge::tests::install_refuses_a_duplicate_id_and_a_full_store ... ok
test knowledge::tests::player_stage_telling_deduplication_has_a_strict_cap ... ok
test knowledge::tests::relevance_never_seats_a_fact_about_the_reader ... ok
test knowledge::tests::relevance_seats_the_fact_the_asker_meant ... ok
test knowledge::tests::the_air_is_bounded_per_ward ... ok
test knowledge::tests::the_constants_hold_their_own_inequalities ... ok
test knowledge::tests::render_line_renders_all_twenty_one_hedge_cells ... ok
test knowledge::tests::the_garble_mask_round_trips_its_comma_form ... ok
test knowledge::tests::the_holdings_map_is_shared_until_it_is_written ... ok
test knowledge::tests::the_merge_rule_all_four_rows ... ok
test knowledge::tests::the_rung_precedence_is_one_rule ... ok
test knowledge::tests::the_day_phrase_never_shows_a_digit ... ok
test knowledge::tests::the_source_is_sealed_in_debug ... ok
test knowledge::tests::the_rung_table_has_no_band_shift ... ok
test knowledge::tests::the_subject_cannot_carry_and_a_standing_fact_is_never_volunteered ... ok
test knowledge::tests::the_sweep_keeps_its_clock_on_an_empty_air ... ok
test knowledge::tests::the_store_is_bounded_and_eviction_is_deterministic ... ok
test knowledge::tests::topic_round_trips_and_an_unknown_tag_lands_on_talk ... ok
test knowledge::tests::three_holders_of_one_fact_say_three_different_things ... ok
test lore::tests::an_authored_bespoke_appearance_survives_composition ... ok
test lore::tests::circumstances_are_controlled_and_stable_characters_cannot_name_ambient_people ... ok
test lore::tests::cast_order_is_relative_path_order_and_defaults_are_stable ... ok
test lore::tests::source_path_occupation_title_and_relationships_are_validated ... ok
test marks::tests::a_catalog_missing_a_kind_is_refused ... ok
test marks::tests::a_catalog_that_shelters_worse_than_open_air_is_refused ... ok
test marks::tests::a_cross_hangs_on_a_household_and_a_tally_does_not ... ok
test marks::tests::a_swapped_half_life_pair_is_refused ... ok
test lore::tests::no_fixed_trade_requires_the_structural_folder_null_fields_and_support ... ok
test marks::tests::a_tally_never_claims_a_draw_that_did_not_happen ... ok
test marks::tests::a_zero_gone_below_is_refused ... ok
test marks::tests::an_unauthored_kind_binds_nothing ... ok
test marks::tests::an_unknown_catalog_field_is_refused ... ok
test marks::tests::every_authored_ward_sign_place_is_spelled_for_a_real_ward ... ok
test marks::tests::eviction_at_the_cap_takes_the_faintest_and_is_deterministic ... ok
test marks::tests::ids_are_never_reused_after_an_eviction ... ok
test marks::tests::rain_shortens_the_half_life_and_shelter_gives_it_back ... ok
test marks::tests::the_dry_half_life_is_the_authored_one ... ok
test marks::tests::the_embedded_catalog_parses_and_has_every_kind ... ok
test marks::tests::the_published_strength_survives_a_poisoned_one ... ok
test marks::tests::the_faint_boundary_agrees_with_the_wire ... ok
test math::tests::f64_keeps_the_hearing_boundary_resolvable ... ok
test math::tests::from_json_requires_exactly_xyz_and_finite_numbers ... ok
test nav::local_tests::local_navigation_checks_corner_grazes_boundaries_and_short_clips ... ok
test nav::local_tests::initial_correction_is_bounded_clear_and_respects_existing_bodies ... ok
test nav::local_tests::local_navigation_exact_open_square_and_off_graph_corner_route ... ok
test nav::local_tests::local_navigation_rejects_unreachable_and_keeps_narrow_door_approach_safe ... ok
test knowledge::pollen::tests::the_ward_grid_is_the_size_it_says ... ok
test knowledge::mint::tests::knells_of_the_same_age_and_day_coalesce ... ok
test knowledge::mint::tests::a_notice_that_names_nobody_mints_nothing ... ok
test actions::tests::raise_notice_is_law_only_and_the_word_reaches_carriers ... ok
test knowledge::mint::tests::a_duplicate_mint_is_a_no_op ... ok
test actions::tests::only_the_law_and_the_wronged_may_settle_a_word ... ok
test actions::tests::settle_notice_clears_exactly_the_notice_it_names ... ok
test actions::tests::the_player_accepting_restitution_settles_the_word ... ok
test actions::tests::a_transfer_from_the_accused_never_settles_the_word_by_itself ... ok
test nav::local_tests::resident_reservations_are_atomic_bounded_and_release_on_failure_or_departure ... ok
test actions::tests::returning_the_named_taking_settles_the_word_without_the_verb ... ok
test knowledge::garble::tests::the_day_never_drifts_past_the_band ... ok
test knowledge::pollen::tests::the_ward_grid_matches_the_exact_search ... ok
[pollen] the standing wards on the ground: pieces per ward fabric 1, wick 1, cloth 1, wallwright 1, cinder 1, weigh 1, reed 1, bell_and_sluice 1 (8 in all); 0.0% of settled cells border another ward; the Wickmarket stands Some(Wick) and the nearest ground of another ward is 75 m away
test knowledge::pollen::tests::the_standing_wards_are_a_patchwork ... ok
test nav::navigation_tests::navigation_bitset_matches_its_manifest ... ok
test crowd::tests::workers_require_an_explicit_compatible_occupation_and_workplace ... ok
placement {"requested":1000,"placed":1000,"unplaced":0,"housed":756,"hardship":244,"workers":0,"door_cap":1}
test knowledge::pollen::tests::the_ward_at_answer_never_changes_for_a_generated_citizen ... ok
test night::tests::a_backend_without_a_second_slot_never_gets_night_work ... ok
test night::tests::a_failed_reflection_is_archived_and_never_reaches_an_inbox ... ok
test night::tests::a_lane_with_no_bedtime_crossed_never_asks_for_the_slot ... ok
test night::tests::a_reflection_may_settle_memory_goal_and_one_leg_but_may_not_act ... ok
test night::tests::a_reflection_that_lands_after_the_pace_deadline_still_yields_to_the_stage ... ok
test night::tests::a_refused_ward_set_round_does_not_teach_the_way ... ok
test night::tests::a_ward_may_make_no_more_than_three_edits ... ok
test night::tests::a_ward_mood_is_bounded ... ok
test night::tests::a_ward_mood_is_carried_by_that_wards_minors_alone ... ok
test night::tests::a_ward_queues_its_own_peoples_rounds_and_defers_teaching_until_commit ... ok
test night::tests::nobody_reflects_twice_in_one_night ... ok
test night::tests::rate_changes_preserve_owed_nights_and_ambient_day_across_midnight ... ok
test night::tests::reflections_are_paced_by_the_game_clock_not_by_the_frame ... ok
test night::tests::reflections_the_night_outran_drop_silently_when_the_day_rolls_over ... ok
test night::tests::set_round_refuses_a_leg_number_that_is_not_on_the_sheet ... ok
test night::tests::set_round_refuses_a_place_the_actor_does_not_know_the_way_to ... ok
test night::tests::the_curfew_owes_every_major_and_every_populated_ward_one_reflection ... ok
test night::tests::the_lane_is_inert_until_the_host_asks_for_it ... ok
test night::tests::the_lane_yields_to_the_floor_the_microphone_the_stage_and_the_players_lane ... ok
test night::tests::the_night_harvests_only_its_own_completion ... ok
test night::tests::the_night_prompt_does_not_drain_the_inbox ... ok
test night::tests::the_night_prompt_numbers_the_round_and_offers_only_the_night_verbs ... ok
test night::tests::the_offline_fake_moves_a_leg_it_read_off_the_night_sheet ... ok
test night::tests::the_ward_prompt_carries_its_people_their_goals_and_their_places ... ok
test notices::tests::a_fresh_notice_of_your_own_is_the_witnessed_breach ... ok
test notices::tests::a_summons_becomes_a_warrant_on_its_own_bell ... ok
test notices::tests::confront_serves_each_officer_once_within_hearing ... ok
test notices::tests::every_rung_change_confronts_the_officer_afresh ... ok
test nav::navigation_tests::roads_are_walkable_end_to_end ... ok
test notices::tests::notices_decay_on_the_game_clock_and_undated_ones_never_do ... ok
test notices::tests::oldest_out_never_evicts_a_warrant_and_refuses_when_all_are_warranted ... ok
test notices::tests::the_ward_holds_a_bounded_number_of_notices_oldest_out ... ok
test notices::tests::the_wronged_carry_their_own_word_whatever_the_roll_says ... ok
test perception::tests::cap_first_uppercases_only_the_first_character ... ok
test perception::tests::view_cone_boundary_is_inclusive ... ok
test perception::tests::view_cone_is_horizontal_only_and_fails_dark_without_a_bearing ... ok
test places::tests::a_compact_registry_loads_and_answers_every_lookup ... ok
test places::tests::nearest_snaps_to_the_closest_entry_within_the_radius_ignoring_y ... ok
test nav::navigation_tests::every_door_is_reachable ... ok
test prompt::parse::tests::splitlines_matches_pythons_boundary_set ... ok
test places::tests::duplicate_ids_are_a_load_error ... ok
test prompt::parse::tests::strip_covers_the_c0_separators_python_calls_whitespace ... ok
test places::tests::the_embedded_registry_is_rejected_against_a_foreign_graph ... ok
test prompt::tests::bullet_sections_render_bullets_or_the_inline_empty_word ... ok
test prompt::tests::history_sections_inline_only_the_fallback_sentinel ... ok
test prompt::tests::a_strings_file_without_the_placeholder_is_rejected ... ok
test nav::navigation_tests::navigation_loads_with_a_plausible_shape ... ok
test prompt::tests::rounding_is_ties_to_even_on_the_exact_binary_value ... ok
test prompt::tests::the_accept_with_pattern_takes_the_item_id ... ok
test pyfmt::tests::an_exact_decimal_tie_rounds_to_even_like_cpython ... ok
test pyfmt::tests::float_repr_matches_cpython_at_both_ends ... ok
test pyfmt::tests::string_repr_switches_quotes_like_cpython ... ok
test pyfmt::tests::strip_covers_the_c0_separators_python_calls_whitespace ... ok
test pyfmt::tests::value_repr_renders_python_literals_not_json ... ok
test prompt::tests::each_placeholder_count_check_names_its_own_key ... ok
test nav::navigation_tests::route_is_self_consistent ... ok
test prompt::tests::the_you_line_folds_lore_and_omits_absent_fields ... ok
test receipts::tests::payload_limits_precede_allocation_and_canonical_digest_is_stable ... ok
test receipts::tests::escaped_principal_refs_and_max_counters_fit_without_rewriting_identity ... ok
test nav::navigation_tests::every_named_place_is_reachable ... ok
test nav::navigation_tests::graph_matches_bitset ... ok
test crowd::tests::deterministic_residents_are_supported_jobless_varied_and_interactable ... ok
test nav::navigation_tests::malt_passage_is_passable ... ok
test receipts::tests::compaction_closes_never_received_holes_and_protects_exact_replays ... ok
placement {"requested":2000,"placed":2000,"unplaced":0,"housed":1501,"hardship":499,"workers":0,"door_cap":2}
test nav::navigation_tests::the_cut_is_walkable ... ok
test receipts::tests::protected_saturation_is_retryable_admission_not_a_committed_rejection ... ok
test nav::local_tests::resident_bake_capacity_connections_spacing_and_optional_metadata ... ok
test nav::navigation_tests::reusing_the_astar_working_set_changes_no_route ... ok
test round::residents::tests::meal_accounting_has_no_phantom_breakfast_at_a_dayspring_session_start ... ok
test receipts::tests::outer_provider_ticket_reserves_a_slot_while_nested_steps_fill_the_window ... ok
test nav::navigation_tests::the_reach_is_passable ... ok
test crowd::tests::blockers_remove_spots_and_missing_catalogue_places_nobody ... ok
test nav::navigation_tests::wickmarket_to_tallage_connects ... ok
test round::residents::tests::local_phase_and_cause_updates_leave_the_cold_world_revision_alone ... ok
test round::residents::tests::removing_a_nonmoving_patchmate_preserves_the_active_departure_claim ... ok
test round::tests::a_broke_buyer_is_a_no_sale ... ok
test round::residents::tests::lightning_and_curfew_preempt_resident_feet_without_optional_recall ... ok
test round::tests::a_chalk_refusal_is_one_scene_and_not_a_loop ... ok
test round::residents::tests::retained_origin_can_be_recovered_when_every_other_spot_is_taken ... ok
test round::tests::a_chalked_buyer_is_refused_at_the_counter_with_no_notice_anywhere ... ok
test round::residents::tests::resident_projection_is_truthful_without_advertising_internal_spots ... ok
test round::residents::tests::explicit_worker_uses_the_named_workplace_and_ordinary_archetype ... ok
test round::residents::tests::absence_removal_custody_and_release_do_not_leak_claims_or_erase_new_owner_feet ... ok
test round::residents::tests::fresh_explicit_travel_owns_replaced_feet_then_returns_once_without_teleport ... ok
test round::tests::a_committed_road_party_member_never_creeps_off_their_threshold ... ok
test round::tests::a_conversation_pauses_the_stock_travel_deadline ... ok
test round::tests::a_failed_watch_handler_is_left_incomplete_and_reported_next_watch ... ok
test round::tests::a_conversation_stops_a_walk_to_a_food_stall ... ok
test round::tests::a_confined_inmate_stays_put_through_thirst_a_leg_and_the_curfew ... ok
test round::tests::a_conversation_does_not_pin_a_self_willed_errand ... ok
test round::tests::a_forged_cross_refuses_exactly_as_hard_as_the_wards_own ... ok
test round::tests::a_full_vessel_is_delivered_by_kind ... ok
test round::tests::a_conversation_holds_the_taper ... ok
test round::residents::tests::conversation_interruption_releases_the_optional_target ... ok
test round::tests::a_conversation_with_the_player_pins_the_round ... ok
test round::tests::a_generated_citizens_leash_is_drawn_across_the_whole_band ... ok
test round::tests::a_generated_citizens_office_lag_is_drawn_across_the_whole_band ... ok
test round::tests::a_famished_holder_eats_at_his_own_door_through_the_curfew ... ok
test round::tests::a_conversing_carrier_is_pressured_and_granted_one_grace_beat ... ok
test round::tests::a_half_washed_cross_no_longer_refuses_anybody ... ok
test round::tests::a_generated_citizen_censuses_at_a_post_as_wide_as_their_leash ... ok
test nav::navigation_tests::navigation_distance_cache_matches_routes_and_reuses_destination_tables ... ok
test round::tests::a_followed_person_is_caught_at_conversation_distance ... ok
test round::tests::a_market_day_leg_wins_only_on_its_day ... ok
test round::tests::a_generated_citizen_holds_the_old_leg_across_the_bell_and_then_crosses ... ok
test nav::navigation_tests::the_node_index_agrees_with_the_sweep_everywhere ... ok
test round::tests::a_generated_citizen_with_no_trade_is_enrolled_with_no_legs ... ok
test round::residents::tests::arrival_and_failed_routes_each_start_one_dwell_without_recall_or_catchup ... ok
test round::tests::a_famished_passerby_buys_and_eats_at_the_wickmarket ... ok
test round::tests::a_generated_idler_past_the_leash_is_walked_back ... ok
test round::tests::a_chalked_ward_sign_pulls_that_wards_evening_crowd ... ok
test round::tests::a_housed_major_is_enrolled_with_a_home_and_an_authored_route ... ok
test round::tests::a_night_trade_is_not_sent_home_by_curfew ... ok
test round::tests::a_keeper_is_enrolled_and_holds_their_curb_by_day ... ok
test round::tests::a_purchase_is_an_atomic_swap_that_conserves_the_board ... ok
test round::tests::a_housed_keeper_goes_home_at_curfew_and_returns_to_the_well_by_day ... ok
test round::tests::a_purchase_takes_the_cheapest_affordable ... ok
test round::tests::a_member_left_behind_is_enrolled_in_the_round_and_walks_once_released ... ok
test round::tests::a_round_edit_that_would_strand_a_live_transform_is_refused_with_the_reason ... ok
test round::tests::a_round_edit_that_would_unstaff_a_stall_is_refused_with_the_reason ... ok
test round::tests::a_notched_well_sends_the_next_drawer_to_the_neighbour ... ok
test round::tests::a_parched_housed_drawer_is_still_sent_home_at_curfew ... ok
test round::tests::a_parched_homeless_drawer_still_draws_at_night ... ok
test round::tests::a_held_member_stays_behind_and_the_party_departs_without_them ... ok
test round::tests::a_shelter_claim_dies_at_the_holders_own_door ... ok
test round::tests::a_stranded_transform_releases_its_reservations_after_a_full_idle_day ... ok
test round::tests::a_parched_servant_walks_to_the_well_draws_and_goes_home ... ok
test round::tests::a_transform_still_accruing_work_is_never_swept ... ok
test round::tests::a_vendor_prefers_personal_food_to_live_listed_stock ... ok
test round::tests::a_parched_drawer_heads_for_the_well_once_curfew_lifts ... ok
test round::tests::ablated_chalk_refuses_nobody ... ok
test round::tests::active_leg_advances_with_the_office_and_carries_over_at_night ... ok
test round::tests::a_party_whose_leader_the_law_holds_waits_and_departs_whole_on_release ... ok
test round::tests::a_road_members_errand_arrives_with_a_percept_and_a_nudge ... ok
test round::tests::a_plan_never_finishes_an_errand_another_plan_owns ... ok
test round::tests::a_road_members_follow_closes_to_conversation_distance ... ok
test round::tests::a_second_go_to_replaces_and_stop_halts_the_walk ... ok
test round::tests::a_seizure_abandons_the_officers_well_and_stall_errands ... ok
test round::tests::an_unchalked_buyer_sells_even_while_the_ward_is_talking_about_them ... ok
test round::tests::an_office_lag_is_always_walked_off_inside_its_own_office ... ok
test round::tests::a_pressing_diversion_pauses_the_stock_travel_deadline ... ok
test round::tests::bind_vendors_keeps_you_sell_when_a_vendor_moves_to_a_lower_index_stall ... ok
test round::tests::a_warm_npc_exchange_holds_both_parties_until_it_lapses ... ok
test round::tests::a_trade_drawer_returns_to_their_workshop_not_home ... ok
test round::tests::buying_cannot_spend_an_offered_stock_unit ... ok
test round::tests::carry_home_only_when_actually_heading_home ... ok
test round::tests::coarse_production_jump_credits_only_the_open_authored_work_span ... ok
test round::tests::conversation_pauses_production_without_retroactive_credit ... ok
test round::tests::a_set_round_edit_moves_one_leg_and_rewrites_only_its_sheet_line ... ok
test round::tests::an_escort_is_not_marched_to_food_mid_delivery ... ok
test round::tests::an_escort_with_no_errand_stands_rather_than_walk_their_round ... ok
test round::tests::a_sellers_brief_excursion_never_rearms_the_stock_travel_deadline ... ok
test round::tests::an_interrupted_follow_waits_out_the_answers_beat ... ok
test round::tests::errand_debug_reduces_the_phase_the_well_and_the_walk ... ok
test round::tests::bedtime_is_the_office_of_the_earliest_sleep_leg ... ok
test round::tests::binding_a_vendor_writes_you_sell_and_unbinding_clears_it ... ok
test round::tests::curfew_breaks_a_warm_hold_after_one_excuse_turn ... ok
test round::tests::curfew_preempts_a_journey_already_under_way ... ok
test round::tests::curfew_preempts_an_errand_with_a_cause_percept ... ok
test round::tests::exposed_stall_pauses_and_resumes_without_changing_stock ... ok
test round::tests::an_exact_tie_still_binds_by_source_index ... ok
test round::tests::an_expired_intent_lapses_with_a_percept_and_a_nudge ... ok
test round::tests::curfew_sends_the_housed_home_at_the_snuffing ... ok
test round::tests::every_baked_nav_pin_still_resolves_to_the_point_it_was_baked_against ... ok
test round::tests::each_market_day_raises_its_squares_above_the_ordinary_baseline ... ok
test round::tests::household_settlement_redistributes_before_minting_only_the_residual ... ok
test round::tests::household_vessels_queue_ahead_of_trade_vessels ... ok
test round::tests::bellday_closes_the_trades_and_fills_the_nave ... ok
test round::tests::boundary_failure_and_missed_trip_leave_the_trip_and_manifest_unchanged ... ok
test round::tests::knowledge_tests::a_vendor_who_has_heard_of_you_will_not_take_your_coin ... ok
test round::tests::legacy_restock_preserves_persistent_stock_and_does_not_accumulate ... ok
test round::tests::every_committed_shelter_has_a_valid_route_node_and_walkable_spread_point ... ok
test round::tests::gate_expired_offers_lapse_with_percepts_and_the_event ... ok
test round::tests::every_food_pitch_uses_the_shared_shelter_map ... ok
test round::tests::motion_tests::motion_keeps_baseline_cells_time_away_and_absence_separate ... ok
test round::tests::exposed_actor_uses_reachable_shelter_after_conversation_and_atomic_work ... ok
test round::tests::go_to_and_tell_way_validation_walls ... ok
test round::tests::famished_diverts_home_only_while_the_hearth_is_serving ... ok
test round::tests::generated_residents_have_homes_without_an_occupational_home_leg ... ok
test round::tests::persistent_offered_stock_survives_legacy_restock ... ok
test round::tests::knowledge_tests::a_refused_buyer_does_not_re_queue ... ok
test round::tests::receipted_round_edit_reports_refusal_then_completion_and_teaches_only_committed_place ... ok
test round::tests::production_target_counts_every_output_with_the_same_stacking_key ... ok
test round::tests::exact_office_bootstrap_stages_and_enters_only_the_scheduled_party_once ... ok
test round::tests::go_to_walks_there_and_arrival_is_a_percept_and_a_nudge ... ok
test round::tests::market_day_legs_split_the_traders_across_the_four_squares ... ok
test round::tests::losing_sight_degrades_the_follow_to_the_last_seen_spot ... ok
test round::tests::motion_tests::motion_reports_actual_queue_membership_without_removing_waiters_from_present ... ok
test round::tests::set_route_refuses_a_body_in_the_laws_hands ... ok
test round::tests::skipped_round_tick_across_rate_change_preserves_actual_restock_once ... ok
test round::tests::spending_cannot_use_an_offered_coin_stack ... ok
test round::tests::nearby_lightning_causes_a_short_reflex_without_breaking_conversation ... ok
test round::tests::only_the_pressing_rungs_carry_a_pressure_line ... ok
test round::tests::motion_tests::motion_counts_displacement_at_a_post_and_does_not_confuse_a_pending_path_with_walking ... ok
test round::tests::residents_have_no_wander_leash_and_the_cast_keeps_its_own ... ok
test round::tests::motion_tests::motion_uses_committed_cause_even_when_the_clock_changes_and_custody_has_no_path ... ok
test round::tests::residents_have_no_office_lag_and_the_cast_keeps_the_citys_own ... ok
test round::tests::return_mode_clears_competing_state_and_the_next_boundary_unloads_every_member ... ok
test round::tests::seed_writes_the_daily_round_onto_the_character_state ... ok
test round::tests::seeding_hands_out_the_wayfinding_whitelist ... ok
test round::tests::tell_way_transfers_the_handle_and_go_to_accepts_it ... ok
test round::tests::the_decision_hash_is_stable ... ok
test round::tests::the_ambient_roll_leaves_the_majors_and_the_night_trades_alone ... ok
test round::tests::set_round_refuses_an_unknown_place_and_a_leg_off_the_end ... ok
test round::tests::the_ambient_roll_moves_some_evenings_to_a_tavern_and_restores_the_rest ... ok
test round::tests::the_law_takes_a_buyer_out_of_the_stall_queue ... ok
test round::tests::the_memory_hunger_hook_is_first_person_only ... ok
test round::tests::the_pot_conjures_a_bowl_per_serving ... ok
test round::tests::the_refusal_stamp_lifts_on_its_own ... ok
test round::tests::the_anchoress_is_fed_in_her_cell ... ok
test round::tests::the_anchoress_never_moves_through_a_full_day ... ok
test round::tests::the_confined_are_fed_and_watered_because_they_cannot_go_and_get_it ... ok
test round::tests::the_census_counts_workers_at_their_post ... ok
widest generated whitelist: 29 place handles
test round::tests::the_crowd_is_housed_at_its_own_doors_and_the_cast_keeps_its_bake ... ok
test round::tests::the_watch_dispatcher_reports_a_skipped_day_then_recovers_without_a_false_positive ... ok
test round::tests::the_anchoress_is_never_marched_home_at_curfew ... ok
test round::tests::the_lamplighters_dusk_beats_light_the_squares_and_dawn_snuffs_them ... ok
test round::tests::the_confined_are_seeded_into_the_stone_house ... ok
test round::tests::wallet_settlement_refuses_an_offered_spark_stack ... ok
test scheduler::tests::a_predeparture_completion_stays_stale_after_the_actor_reenters ... ok
test scheduler::tests::a_composing_player_suppresses_every_lane_but_his_own ... ok
test scheduler::tests::a_zero_delay_still_backs_off_a_whole_second ... ok
test scheduler::tests::a_priority_handoff_outranks_an_empty_stage ... ok
test round::tests::the_road_return_ends_a_live_intent_with_the_why_percept ... ok
test scheduler::tests::an_actor_queued_in_both_lanes_takes_a_single_turn ... ok
test scheduler::tests::autonomous_order_weights_major_minor_and_omits_ambient ... ok
test scheduler::tests::backoff_doubles_from_the_delay_and_stops_at_the_cap ... ok
test scheduler::tests::duplicate_failed_execution_is_consumed_once_and_retry_preserves_semantic_work ... ok
test scheduler::tests::an_off_stage_handoff_survives_a_provider_failure ... ok
test scheduler::tests::g_formatting_matches_python ... ok
test scheduler::tests::frozen_orders_keep_road_actors_who_enter_after_construction ... ok
test scheduler::tests::an_ambient_actor_can_react_without_an_idle_order_and_gets_the_small_budget ... ok
test scheduler::tests::semantic_reply_replay_under_new_execution_does_not_repeat_history_or_actions ... ok
test scheduler::tests::the_cap_is_normalized_to_at_least_one_second_and_the_delay ... ok
test scheduler::tests::the_stage_order_flattens_the_weights_and_lets_ambient_in ... ok
test seed::tests::a_dangling_knows_entry_is_not_an_error ... ok
test scheduler::tests::the_idle_lane_skips_actors_off_stage_and_keeps_the_rotation_fair ... ok
test seed::tests::a_non_finite_view_cone_falls_back_to_the_default ... ok
test seed::tests::a_seed_without_a_goal_gets_the_none_sentinel ... ok
test seed::tests::build_world_holds_the_invariants ... ok
test round::tests::the_round_seeds_wallets_and_hunger ... ok
test seed::tests::items_default_to_one_and_derive_visuals_from_the_catalog ... ok
test seed::tests::the_loader_rejects_unknown_kinds ... ok
test seed::tests::the_roster_is_insertion_order_not_id_order ... ok
test seed::tests::the_view_cone_is_clamped_and_the_catalog_is_carried_in ... ok
test sounds::tests::an_empty_catalog_is_valid_and_emits_nothing ... ok
test seed::tests::the_loader_rejects_seeds_that_would_panic_the_world ... ok
test sounds::tests::emittable_ids_keep_catalog_order_and_exclude_the_bell ... ok
test sounds::tests::rows_are_validated ... ok
test sounds::tests::the_loader_rejects_duplicate_and_malformed_ambients ... ok
test sounds::tests::sfx_prompts_survive_the_move_to_the_data_file_verbatim ... ok
test seed::tests::the_player_sheet_is_found_by_id ... ok
test sounds::tests::the_loader_rejects_every_malformed_row ... ok
test sounds::tests::the_shipped_catalog_loads_with_every_row_intact ... ok
test speech_router::tests::elapsed_milliseconds_never_go_backwards ... ok
test speech_router::tests::the_control_character_predicate_allows_newline_and_tab_only ... ok
test timeline::tests::finite_grant_expires_before_same_instant_extension ... ok
test timeline::tests::ordinary_stall_is_retained_and_serviced_without_changing_origin ... ok
test speech_router::tests::a_chunk_cap_of_256_matches_the_microphone_workers ... ok
test weather::tests::a_forced_drizzle_never_wets_beyond_its_working_day ... ok
test round::tests::the_law_cast_is_stationed_where_people_are ... ok
test weather::tests::developer_override_temporarily_supersedes_disabled_weather ... ok
test weather::tests::every_override_is_deterministic_and_clearable ... ok
test speech_router::tests::basenames_must_be_bare_wav_names ... ok
test weather::tests::forced_clear_preserves_a_wet_aftermath_and_then_drains_it ... ok
test weather::tests::clearing_the_override_hands_the_wet_aftermath_to_the_schedule ... ok
test weather::tests::forced_storm_keeps_crossed_lightning_and_ignores_timeline_frequency ... ok
test weather::tests::lightning_crossings_are_not_duplicated_or_lost ... ok
test scheduler::tests::provider_batch_saturation_holds_exact_reply_before_any_surrounding_effect ... ok
test weather::tests::prompt_weather_never_leaks_numeric_internals ... ok
test weather::tests::prose_wind_uses_the_city_plans_compass ... ok
test weather::tests::fronts_and_wind_are_continuous_across_midnight ... ok
test weather::tests::same_seed_and_instant_are_byte_for_byte_stable ... ok
test weather::tests::a_forced_clear_sky_dries_the_aftermath_out_instead_of_re_soaking_every_night ... ok
test weather::tests::shelter_json_validates_and_classifies_points ... ok
test round::tests::the_round_rung_walks_a_worker_to_their_post ... ok
test round::tests::the_whole_cast_is_enrolled_including_keepers_and_the_old_pacer ... ok
test weather::tests::rain_can_end_while_wetness_persists ... ok
test round::tests::the_household_doors_are_written_once ... ok
test world::tests::a_character_without_movement_never_moves ... ok
test world::tests::a_long_wait_takes_the_long_way_round ... ok
test world::tests::a_mover_advances_one_walk_step_per_slice ... ok
test world::tests::a_mover_arrives_within_epsilon_then_reverses_and_reroutes ... ok
test world::tests::a_player_move_stays_off_the_cold_channel_but_an_npc_move_bumps_it ... ok
test world::tests::an_opposing_walker_waits_at_the_needles_mouth ... ok
test world::tests::debug_set_status_resolves_by_id_and_stem_too ... ok
test world::tests::debug_set_status_writes_by_name_clamps_and_bumps_revision ... ok
test world::tests::equal_distance_ties_break_by_id ... ok
test world::tests::equal_sequence_repeats_must_match_and_reject_non_finite_yaw ... ok
test world::tests::exact_local_arrival_settles_after_separation_without_recall ... ok
test world::tests::exact_local_mover_preserves_wall_corner_safety_under_separation ... ok
test round::tests::the_round_content_parses_and_every_destination_resolves ... ok
test world::tests::hearing_boundary_is_inclusive_and_ordered_by_distance ... ok
test world::tests::movers_hold_distinct_right_hand_lanes ... ok
test world::tests::on_stage_movers_separate_where_off_stage_they_pass_through ... ok
test world::tests::public_snapshot_exposes_statuses_and_round_trips ... ok
test world::tests::facing_only_updates_never_bump_the_revision ... ok
test world::tests::route_nodes_avoiding_takes_the_detour ... ok
test world::tests::roster_keeps_insertion_order_while_the_map_sorts ... ok
test world::tests::the_total_walk_matches_the_route_length ... ok
test round::tests::thirst_decays_by_the_game_clock ... ok
test world::tests::the_borrowed_neighbourhood_is_the_owned_one ... ok
test weather::tests::semantic_revision_changes_only_at_actual_named_boundaries ... ok
measured lane cases=70434, widest 0.1–0.7 same-direction spread=2.190m
test nav::local_tests::measured_lanes_and_corner_connections_are_exactly_walkable ... ok
test round::tests::the_tavern_hearth_feeds_its_trade_only_at_a_meal_office ... ok
test weather::tests::fog_is_morning_low_wind_and_burns_off ... ok
test round::residents::tests::home_rest_proxy_is_an_outdoor_reserved_spot_and_dawn_staggers ... ok
test round::tests::knowledge_tests::a_bound_vendor_refuses_and_the_buyer_is_not_starved ... ok
test weather::tests::wetness_is_a_function_of_time_not_poll_step ... ok
test round::residents::tests::conversation_releases_target_immediately_and_settled_talkers_keep_meals ... ok
test weather::tests::multi_year_sweep_is_finite_and_bounded ... ok
test weather::tests::warm_summer_distribution_is_varied_and_thunder_is_rare ... ok
placement {"requested":20000,"placed":9232,"unplaced":10768,"housed":7082,"hardship":2150,"workers":0,"door_cap":16}
test crowd::tests::capacity_is_bounded_balanced_and_never_stacked ... ok
test weather::tests::wetness_is_continuous_across_dusk_and_dawn ... ok
local weather seekers after 60s: 30
resident_two_days min_hunger=51.000
test round::residents::tests::support_uses_game_time_does_not_mint_food_and_recovers_after_a_missed_meal ... ok
test weather::tests::wetness_only_falls_in_dry_weather_and_never_jumps_in_a_minute ... ok
resident600s count=200 unique_optional_walkers=198 peak_optional=9
test round::residents::tests::residents_have_no_jobs_queues_or_legs_and_keep_their_frontage_claims ... ok
test nav::navigation_tests::lanes_clear_the_walls_between_their_vertices ... ok
test round::residents::tests::weather_uses_distinct_local_claims_and_never_calls_the_global_shelter_ladder ... ok

test result: ok. 586 passed; 0 failed; 0 ignored; 0 measured; 0 filtered out; finished in 9.62s

     Running tests/receipt_allocation_tests.rs (target/debug/deps/receipt_allocation_tests-3e6fc1e4b93c3d79)

running 1 test
recent_entries=4096 encoded_bytes=3134449 live_allocated_bytes=3765008 full_update_index_bytes=4024136 two_cycle_churn_peak_bytes=3823760 inline_owner_bytes=896
test full_replay_window_allocated_and_encoded_budgets ... ok

test result: ok. 1 passed; 0 failed; 0 ignored; 0 measured; 0 filtered out; finished in 0.25s
