   Compiling cathedralbevy v0.1.0 (/home/ran/src/rust/cathedralbevy)
warning: unused import: `StartupRefusal`
   --> src/installed_recipe.rs:197:59
    |
197 | pub(crate) use startup::{CommittedStartup, StagedStartup, StartupRefusal};
    |                                                           ^^^^^^^^^^^^^^
    |
    = note: `#[warn(unused_imports)]` (part of `#[warn(unused)]`) on by default

warning: variants `Weather`, `Hud`, and `Interaction` are never constructed
  --> src/perf.rs:53:5
   |
44 | pub enum Probe {
   |          ----- variants in this enum
...
53 |     Weather,
   |     ^^^^^^^
54 |     Soundscape,
55 |     Hud,
   |     ^^^
...
58 |     Interaction,
   |     ^^^^^^^^^^^
   |
   = note: `Probe` has derived impls for the traits `Debug` and `Clone`, but these are intentionally ignored during dead code analysis
   = note: `#[warn(dead_code)]` (part of `#[warn(unused)]`) on by default

warning: method `human` is never used
   --> src/session_log.rs:358:8
    |
349 | impl Timestamp {
    | -------------- method in this implementation
...
358 |     fn human(&self) -> String {
    |        ^^^^^

warning: method `usage` is never used
   --> src/session_log/bounded.rs:326:19
    |
308 | impl SinkSender {
    | --------------- method in this implementation
...
326 |     pub(crate) fn usage(&self) -> Usage {
    |                   ^^^^^

warning: methods `preflight` and `pin` are never used
  --> src/smart_actors/bridge.rs:42:19
   |
41 | impl RetirementPin {
   | ------------------ methods in this implementation
42 |     pub(super) fn preflight(
   |                   ^^^^^^^^^
...
56 |     pub(super) fn pin(&self, lease: &cathedral_sim::checkpoint::RetirementLease) {
   |                   ^^^

warning: associated function `reserve` is never used
   --> src/smart_actors/bridge.rs:589:19
    |
588 | impl PublicationAllocation {
    | -------------------------- associated function in this implementation
589 |     pub(super) fn reserve(
    |                   ^^^^^^^

warning: associated items `new`, `new_for_generation`, and `retirement_pin` are never used
   --> src/smart_actors/bridge.rs:648:19
    |
643 | impl BridgeHandle {
    | ----------------- associated items in this implementation
...
648 |     pub(crate) fn new(commands: Sender<BridgeCommand>, runtime_dir: PathBuf) -> Self {
    |                   ^^^
...
652 |     pub(super) fn new_for_generation(
    |                   ^^^^^^^^^^^^^^^^^^
...
704 |     pub(super) fn retirement_pin(&self) -> &RetirementPin {
    |                   ^^^^^^^^^^^^^^

warning: associated items `generation`, `dispose_queued`, and `new` are never used
   --> src/smart_actors/bridge.rs:874:19
    |
873 | impl BridgeInbox {
    | ---------------- associated items in this implementation
874 |     pub(super) fn generation(&self) -> RuntimeGeneration {
    |                   ^^^^^^^^^^
...
878 |     pub(super) fn dispose_queued(&self) {
    |                   ^^^^^^^^^^^^^^
...
882 |     pub(super) fn new(events: Receiver<BridgeEvent>) -> Self {
    |                   ^^^

warning: method `retire_to_worker` is never used
   --> src/smart_actors/local_engine.rs:223:19
    |
217 | impl LocalEngine {
    | ---------------- method in this implementation
...
223 |     pub(crate) fn retire_to_worker(
    |                   ^^^^^^^^^^^^^^^^

warning: struct `RetiredLocalEngine` is never constructed
   --> src/smart_actors/local_engine.rs:434:8
    |
434 | struct RetiredLocalEngine {
    |        ^^^^^^^^^^^^^^^^^^

warning: `cathedralbevy` (bin "cathedralbevy") generated 10 warnings (run `cargo fix --bin "cathedralbevy" -p cathedralbevy` to apply 1 suggestion)
    Finished `dev` profile [optimized + debuginfo] target(s) in 2m 58s
